[2m2025-11-18T13:18:42.585742Z[0m [31mERROR[0m [2mglazewm[0m[2m:[0m Failed to execute 'zebar'.

Error: The operation was canceled by the user. (0x800704C7)
[2m2025-11-18T13:19:00.902965Z[0m [31mERROR[0m [2mglazewm[0m[2m:[0m Failed to execute 'zebar'.

Error: The operation was canceled by the user. (0x800704C7)
[2m2025-11-18T13:19:15.503732Z[0m [31mERROR[0m [2mglazewm[0m[2m:[0m Failed to execute 'zebar'.

Error: The operation was canceled by the user. (0x800704C7)
[2m2025-11-18T13:20:40.804429Z[0m [31mERROR[0m [2mglazewm[0m[2m:[0m Failed to execute 'zebar'.

Error: The operation was canceled by the user. (0x800704C7)
[2m2025-11-18T14:29:27.693515Z[0m [31mERROR[0m [2mglazewm[0m[2m:[0m Failed to execute 'zebar'.

Error: The operation was canceled by the user. (0x800704C7)
[2m2025-11-18T15:23:20.807278Z[0m [31mERROR[0m [2mglazewm[0m[2m:[0m window_behavior.initial_state: unknown variant ``, expected `tiling` or `floating` at line 101 column 18
[2m2025-12-21T00:50:37.690333Z[0m [31mERROR[0m [2mglazewm[0m[2m:[0m Failed to start watcher process.

Caused by:
    The system cannot find the file specified. (os error 2)
[2m2025-12-21T11:33:42.962367Z[0m [31mERROR[0m [2mglazewm[0m[2m:[0m keybindings[11].commands: unexpected argument found
 at line 201 column 15
[2m2025-12-21T11:34:04.976294Z[0m [31mERROR[0m [2mglazewm[0m[2m:[0m keybindings[11].commands: unexpected argument found
 at line 201 column 15
[2m2025-12-21T11:34:10.485671Z[0m [31mERROR[0m [2mglazewm[0m[2m:[0m keybindings[11].commands: unexpected argument found
 at line 201 column 15
[2m2025-12-21T11:34:52.281948Z[0m [31mERROR[0m [2mglazewm[0m[2m:[0m keybindings[11].commands: unexpected argument found
 at line 201 column 15
[2m2025-12-21T11:35:50.118630Z[0m [31mERROR[0m [2mglazewm[0m[2m:[0m keybindings[11].commands: unexpected argument found
 at line 201 column 15
[2m2025-12-21T11:37:39.262655Z[0m [31mERROR[0m [2mglazewm[0m[2m:[0m keybindings[11].commands: unexpected argument found
 at line 201 column 15
[2m2025-12-21T11:38:52.062227Z[0m [31mERROR[0m [2mglazewm[0m[2m:[0m keybindings[11].commands: unexpected argument found
 at line 201 column 15
[2m2025-12-21T11:39:07.767369Z[0m [31mERROR[0m [2mglazewm[0m[2m:[0m keybindings[11].commands: unexpected argument found
 at line 201 column 15
[2m2025-12-21T11:41:00.558371Z[0m [31mERROR[0m [2mglazewm[0m[2m:[0m binding_modes[0].keybindings[3].commands: unexpected argument found
 at line 167 column 19
[2m2025-12-21T11:42:20.759355Z[0m [31mERROR[0m [2mglazewm[0m[2m:[0m keybindings[11].commands: unexpected argument found
 at line 201 column 15
